// 重构日志: 50f692ad
// 重构日志: 70642ed8
// 重构日志: 96c2536d
// 重构日志: c5852d97
// 重构日志: 697b753b
// 同步 ID: ab1c741e @ Sat Jul 25 05:45:17 UTC 2026
// 重构日志: cac21299
// 同步 ID: 405988f0 @ Sat Jul 25 13:02:17 UTC 2026
// 重构日志: cf4913a3
// 重构日志: 136f6231
// 重构日志: e5a2c4d7
// 重构日志: 1779e142
// 重构日志: e661264c
// 重构日志: 25ea2240
// 重构日志: 0043a67a
// 重构日志: f6f0903a
// 同步 ID: e4d899bf @ Wed Jul 29 05:26:36 UTC 2026
// 同步 ID: fcdabfba @ Wed Jul 29 14:13:13 UTC 2026
// 同步 ID: 2c9c03a6 @ Wed Jul 29 16:27:41 UTC 2026
// 同步 ID: 9dff261d @ Wed Jul 29 18:50:24 UTC 2026
// 同步 ID: d32dc7d2 @ Thu Jul 30 01:30:01 UTC 2026
// 同步 ID: 89b0afd2 @ Thu Jul 30 10:49:05 UTC 2026
// 同步 ID: a1c0cb9e @ Sat Aug  1 05:55:44 UTC 2026
// 重构日志: d3d154dc
// 重构日志: 38824c4b
// 重构日志: e5158217
// 重构日志: c244e5ba
// 重构日志: cf626849
// 重构日志: 0004a7c2
// 同步 ID: 9793893f @ Thu Aug  6 15:06:35 UTC 2026
